14:18:11 | AI Forex Trading Bot v1.0.0 initialized
14:18:13 | [1;34m[INIT][0m >> AI Forex Trading Bot Starting...
14:18:13 | Hot-reload enabled for configuration files in config
14:18:13 | Health check system started
14:18:13 | Initializing MT5 Broker...
14:18:13 | Connection attempt (Process Elevation: Standard User)
14:18:13 | [1;33mBot is NOT running as Administrator. If MT5 is elevated, IPC connection WILL fail with timeout.[0m
14:18:14 | Connecting to existing terminal...
14:18:15 | [1;32m[OK][0m Connected to running MT5 terminal
14:18:15 | [1;32m[OK][0m Already logged in to account 5044383203
14:18:15 | --------------------------------------------------
14:18:15 | [1;32m[OK][0m AI TRADING BOT ACTIVATED | v2.1.0
14:18:15 | --------------------------------------------------
14:18:15 | [1;32m[OK][0m Mode: ACTIVE TRADING
14:18:15 | [1;32m[OK][0m Strategy: TREND FOLLOWING + ML
14:18:15 | [1;32m[OK][0m Feature: MAXOUT MODE [ON] (Aggressive Scaling)
14:18:15 | [1;32m[OK][0m Feature: AUTO-TRAIL [ON] (Dynamic Stop Loss)
14:18:15 | [1;32m[OK][0m Feature: SECURE PROFIT [ON] (Bank Gains > $50)
14:18:15 | [1;32m[OK][0m Feature: PARTIAL PROFIT [ON] (Multi-stage exits)
14:18:15 | [1;32m[OK][0m Feature: TIME EXIT [ON] (Close stagnated trades)
14:18:15 | [1;32m[OK][0m Feature: LIVE IMPROVEMENTS [ON] (Margin, Slippage, Sizing)
14:18:15 | --------------------------------------------------
14:18:15 | [1;34m[INIT][0m Initializing live trading improvements...
14:18:15 | [1;32m[OK][0m Live trading improvements initialized [OK]
14:18:15 | [1;32m[OK][0m Profit protector initialized (Breakeven: $50, Max Drawdown: $20)
14:18:15 | [1;32m[OK][0m Position direction tracker initialized
14:18:15 | Daily loss limit set to $100.00
14:18:15 | [1;34m[INIT][0m Initializing Three-Layer Architecture...
14:18:15 | [1;34m[INIT][0m Three-Layer Architecture initialized [OK]
14:18:15 | [1;34m[INIT][0m Initializing Enhanced Signal Validator...
14:18:15 | [1;32m[OK][0m Enhanced Signal Validator initialized (Min Score: 45, MTF: 1 TFs)
14:18:15 | [1;34m[INIT][0m Bot initialization complete | Symbols: ['EUR/USD', 'GBP/USD', 'USD/JPY', 'AUD/USD']
14:18:15 | [36m[STATS][0m --- [CYCLE 1] ---
14:18:15 | [36m[STATS][0m Balance: 97870.38 | Equity: 97801.00 | Active: 4 | Margin: 97373.90 | Util: 0.4%
14:18:15 | [POSITION STATS] Open: 4 | Unrealized: $-69.38 | Daily Loss: $0.00/100.00
14:18:15 | [LONG POSITIONS] Count: 0 | Win Rate: 0.0% | P&L: $0.00
14:18:15 | [SHORT POSITIONS] Count: 0 | Win Rate: 0.0% | P&L: $0.00
14:18:15 | [TOTAL] Open: 0 | Unrealized: $0.00
14:18:15 | [ANALYSIS] Examining EUR/USD | Time: 16:00 | Bars: 100
14:18:15 | [ANALYSIS] Examining GBP/USD | Time: 16:00 | Bars: 100
14:18:15 | [ANALYSIS] Examining USD/JPY | Time: 16:00 | Bars: 100
14:18:15 | [ANALYSIS] Examining AUD/USD | Time: 16:00 | Bars: 100
14:18:15 | [IDLE] Waiting for next market pulse...
14:18:25 | [36m[STATS][0m --- [CYCLE 2] ---
14:18:25 | [36m[STATS][0m Balance: 97870.38 | Equity: 97807.14 | Active: 4 | Margin: 97380.04 | Util: 0.4%
14:18:25 | [POSITION STATS] Open: 4 | Unrealized: $-63.24 | Daily Loss: $0.00/100.00
14:18:25 | [LONG POSITIONS] Count: 0 | Win Rate: 0.0% | P&L: $0.00
14:18:25 | [SHORT POSITIONS] Count: 0 | Win Rate: 0.0% | P&L: $0.00
14:18:25 | [TOTAL] Open: 0 | Unrealized: $0.00
14:18:25 | [ANALYSIS] Examining EUR/USD | Time: 16:00 | Bars: 100
14:18:25 | [ANALYSIS] Examining GBP/USD | Time: 16:00 | Bars: 100
14:18:25 | [ANALYSIS] Examining USD/JPY | Time: 16:00 | Bars: 100
14:18:25 | [ANALYSIS] Examining AUD/USD | Time: 16:00 | Bars: 100
14:18:25 | [IDLE] Waiting for next market pulse...
14:18:35 | [36m[STATS][0m --- [CYCLE 3] ---
14:18:35 | [36m[STATS][0m Balance: 97870.38 | Equity: 97802.88 | Active: 4 | Margin: 97375.78 | Util: 0.4%
14:18:35 | [POSITION STATS] Open: 4 | Unrealized: $-67.50 | Daily Loss: $0.00/100.00
14:18:35 | [LONG POSITIONS] Count: 0 | Win Rate: 0.0% | P&L: $0.00
14:18:35 | [SHORT POSITIONS] Count: 0 | Win Rate: 0.0% | P&L: $0.00
14:18:35 | [TOTAL] Open: 0 | Unrealized: $0.00
14:18:35 | [ANALYSIS] Examining EUR/USD | Time: 16:00 | Bars: 100
14:18:35 | [ANALYSIS] Examining GBP/USD | Time: 16:00 | Bars: 100
14:18:35 | [ANALYSIS] Examining USD/JPY | Time: 16:00 | Bars: 100
14:18:35 | [ANALYSIS] Examining AUD/USD | Time: 16:00 | Bars: 100
14:18:35 | [IDLE] Waiting for next market pulse...
