14:02:51 | AI Forex Trading Bot v1.0.0 initialized
14:02:53 | [1;34m[INIT][0m >> AI Forex Trading Bot Starting...
14:02:53 | Hot-reload enabled for configuration files in config
14:02:53 | Health check system started
14:02:53 | Initializing MT5 Broker...
14:02:53 | Connection attempt (Process Elevation: Standard User)
14:02:53 | [1;33mBot is NOT running as Administrator. If MT5 is elevated, IPC connection WILL fail with timeout.[0m
14:02:55 | Connecting to existing terminal...
14:02:56 | [1;32m[OK][0m Connected to running MT5 terminal
14:02:56 | [1;32m[OK][0m Already logged in to account 5044383203
14:02:56 | --------------------------------------------------
14:02:56 | [1;32m[OK][0m AI TRADING BOT ACTIVATED | v2.1.0
14:02:56 | --------------------------------------------------
14:02:56 | [1;32m[OK][0m Mode: ACTIVE TRADING
14:02:56 | [1;32m[OK][0m Strategy: TREND FOLLOWING + ML
14:02:56 | [1;32m[OK][0m Feature: MAXOUT MODE [ON] (Aggressive Scaling)
14:02:56 | [1;32m[OK][0m Feature: AUTO-TRAIL [ON] (Dynamic Stop Loss)
14:02:56 | [1;32m[OK][0m Feature: SECURE PROFIT [ON] (Bank Gains > $50)
14:02:56 | [1;32m[OK][0m Feature: PARTIAL PROFIT [ON] (Multi-stage exits)
14:02:56 | [1;32m[OK][0m Feature: TIME EXIT [ON] (Close stagnated trades)
14:02:56 | [1;32m[OK][0m Feature: LIVE IMPROVEMENTS [ON] (Margin, Slippage, Sizing)
14:02:56 | --------------------------------------------------
14:02:56 | [1;34m[INIT][0m Initializing live trading improvements...
14:02:56 | [1;32m[OK][0m Live trading improvements initialized [OK]
14:02:56 | [1;32m[OK][0m Profit protector initialized (Breakeven: $50, Max Drawdown: $20)
14:02:56 | [1;32m[OK][0m Position direction tracker initialized
14:02:56 | Daily loss limit set to $100.00
14:02:56 | [1;34m[INIT][0m Initializing Three-Layer Architecture...
14:02:56 | [1;34m[INIT][0m Three-Layer Architecture initialized [OK]
14:02:56 | [1;34m[INIT][0m Initializing Enhanced Signal Validator...
14:02:56 | [1;32m[OK][0m Enhanced Signal Validator initialized (Min Score: 45, MTF: 1 TFs)
14:02:56 | [1;34m[INIT][0m Bot initialization complete | Symbols: ['EUR/USD', 'GBP/USD', 'USD/JPY', 'AUD/USD']
14:02:56 | [36m[STATS][0m --- [CYCLE 1] ---
14:02:56 | [36m[STATS][0m Balance: 97845.74 | Equity: 97844.30 | Active: 3 | Margin: 97717.20 | Util: 0.1%
14:02:56 | [POSITION STATS] Open: 3 | Unrealized: $-1.44 | Daily Loss: $0.00/100.00
14:02:56 | [LONG POSITIONS] Count: 0 | Win Rate: 0.0% | P&L: $0.00
14:02:56 | [SHORT POSITIONS] Count: 0 | Win Rate: 0.0% | P&L: $0.00
14:02:56 | [TOTAL] Open: 0 | Unrealized: $0.00
14:02:56 | [ANALYSIS] Examining EUR/USD | Time: 16:00 | Bars: 100
14:02:56 | [ANALYSIS] Examining GBP/USD | Time: 16:00 | Bars: 100
14:02:56 | [ANALYSIS] Examining USD/JPY | Time: 16:00 | Bars: 100
14:02:56 | First run for USD/JPY: Training ML model on 100 bars...
14:02:56 | [ANALYSIS] USD/JPY | Price: 157.47300 | RSI: 61.9 | ADX: 35.3 | ML: UP(50%)
14:02:56 | SL/TP Details: Entry=157.47310, ATR=0.15429, sl_dist=1.54286, tp_dist=4.62857, SL=155.93024, TP=162.10167
14:02:56 | ATR-based SL/TP: Entry=157.47310, Dir=LONG, SL=155.93024, TP=162.10167, Period=14, RR=3.0
14:02:56 | [SIGNAL ACCEPTED] USD/JPY | Quality: 88% | Entry: 157.47310
14:02:56 | SL/TP Details: Entry=157.47310, ATR=0.15429, sl_dist=1.54286, tp_dist=2.31429, SL=155.93024, TP=159.78739
14:02:56 | [1;36m[SIGNAL][0m USD/JPY | LONG | Entry=157.47310 | SL=155.93024 | TP=159.78739 | Confidence=0.98
14:02:56 | [1;33m[DECISION][0m USD/JPY | LONG @ 157.47310 | SL: 155.93024 | TP: 159.78739
14:02:56 | [ENHANCED VALIDATOR] USD/JPY LONG | [APPROVED] | Score: 54.1/100
14:02:56 |   MTF: 19 | Vol: 70 | Mom: 70 | Liq: 70 | Confluence: 42 | Size Mult: 0.72x
14:02:56 | [ENHANCED FILTER] USD/JPY LONG APPROVED | Score: 54.1/100 | MTF: 19 | Vol: 70 | Mom: 70 | Liq: 70 | Size: 0.72x
14:02:56 | [1;33m[ACTION][0m Risk OK | Score: 0.02 | RawSize: 0.9800% | EquitySize: 19.5689 | Final: 0.04 lots
14:02:56 | Executing order order_1767967376 for USD/JPY
14:02:56 | Using filling mode: 0 for USD/JPY
14:02:56 | Order placed successfully: 54619816614
14:02:56 | Order order_1767967376 executed: success=True, price=157.477
14:02:56 | [POSITION CALL] LONG | USD/JPY | Entry: 157.47310 | Qty: 0.01
14:02:56 | [92m[OPEN] USD/JPY | LONG | Qty=0.010 lots | Entry=157.47310 | SL=155.93024 | TP=159.78739 | Order: 54619816614[0m
14:02:56 | [POSITION CALL] USD/JPY | LONG: 1 | SHORT: 0
14:02:56 | [ANALYSIS] Examining AUD/USD | Time: 16:00 | Bars: 100
14:02:56 | [IDLE] Waiting for next market pulse...
14:03:06 | [36m[STATS][0m --- [CYCLE 2] ---
14:03:06 | [36m[STATS][0m Balance: 97845.74 | Equity: 97844.53 | Active: 4 | Margin: 97677.43 | Util: 0.2%
14:03:06 | [POSITION STATS] Open: 4 | Unrealized: $-1.21 | Daily Loss: $0.00/100.00
14:03:06 | [LONG POSITIONS] Count: 1 | Win Rate: 0.0% | P&L: $0.00
14:03:06 | [SHORT POSITIONS] Count: 0 | Win Rate: 0.0% | P&L: $0.00
14:03:06 | [TOTAL] Open: 1 | Unrealized: $0.00
14:03:06 | [ANALYSIS] Examining EUR/USD | Time: 16:00 | Bars: 100
14:03:06 | [ANALYSIS] Examining GBP/USD | Time: 16:00 | Bars: 100
14:03:06 | [ANALYSIS] Examining USD/JPY | Time: 16:00 | Bars: 100
14:03:06 | [ANALYSIS] Examining AUD/USD | Time: 16:00 | Bars: 100
14:03:06 | [IDLE] Waiting for next market pulse...
14:03:16 | [36m[STATS][0m --- [CYCLE 3] ---
14:03:16 | [36m[STATS][0m Balance: 97845.74 | Equity: 97845.57 | Active: 4 | Margin: 97678.47 | Util: 0.2%
14:03:16 | [POSITION STATS] Open: 4 | Unrealized: $-0.17 | Daily Loss: $0.00/100.00
14:03:16 | [LONG POSITIONS] Count: 1 | Win Rate: 0.0% | P&L: $0.00
14:03:16 | [SHORT POSITIONS] Count: 0 | Win Rate: 0.0% | P&L: $0.00
14:03:16 | [TOTAL] Open: 1 | Unrealized: $0.00
14:03:16 | [EQUITY LOCK] USD/JPY | Profit threshold: 10.0 pips reached | Close: 20% of position
14:03:16 | Position 54619816614 closed successfully
14:03:16 | [ADMIN EXIT] USD/JPY | Reason: equity_lock
14:03:16 | [ANALYSIS] Examining EUR/USD | Time: 16:00 | Bars: 100
14:03:16 | [ANALYSIS] Examining GBP/USD | Time: 16:00 | Bars: 100
14:03:16 | [ANALYSIS] Examining USD/JPY | Time: 16:00 | Bars: 100
14:03:16 | [ANALYSIS] Examining AUD/USD | Time: 16:00 | Bars: 100
14:03:16 | [IDLE] Waiting for next market pulse...
