--- Logging error ---
Traceback (most recent call last):
  File "C:\Users\macki\AppData\Local\Programs\Python\Python312\Lib\logging\__init__.py", line 1163, in emit
    stream.write(msg + self.terminator)
  File "C:\Users\macki\AppData\Local\Programs\Python\Python312\Lib\encodings\cp1252.py", line 19, in encode
    return codecs.charmap_encode(input,self.errors,encoding_table)[0]
           ^^^^^^^^^^^^^^^^^^^^^^^^^^^^^^^^^^^^^^^^^^^^^^^^^^^^^^^
UnicodeEncodeError: 'charmap' codec can't encode character '\U0001f680' in position 29: character maps to <undefined>
Call stack:
  File "C:\Users\macki\Desktop\TradingBot\main.py", line 722, in <module>
    asyncio.run(run_bot())
  File "C:\Users\macki\AppData\Local\Programs\Python\Python312\Lib\asyncio\runners.py", line 195, in run
    return runner.run(main)
  File "C:\Users\macki\AppData\Local\Programs\Python\Python312\Lib\asyncio\runners.py", line 118, in run
    return self._loop.run_until_complete(task)
  File "C:\Users\macki\AppData\Local\Programs\Python\Python312\Lib\asyncio\base_events.py", line 678, in run_until_complete
    self.run_forever()
  File "C:\Users\macki\AppData\Local\Programs\Python\Python312\Lib\asyncio\windows_events.py", line 322, in run_forever
    super().run_forever()
  File "C:\Users\macki\AppData\Local\Programs\Python\Python312\Lib\asyncio\base_events.py", line 645, in run_forever
    self._run_once()
  File "C:\Users\macki\AppData\Local\Programs\Python\Python312\Lib\asyncio\base_events.py", line 1999, in _run_once
    handle._run()
  File "C:\Users\macki\AppData\Local\Programs\Python\Python312\Lib\asyncio\events.py", line 88, in _run
    self._context.run(self._callback, *self._args)
  File "C:\Users\macki\Desktop\TradingBot\main.py", line 104, in run_bot
    logger.info("[INIT] \U0001f680 AI Forex Trading Bot Starting...")
Message: '[INIT] \U0001f680 AI Forex Trading Bot Starting...'
Arguments: ()
--- Logging error ---
Traceback (most recent call last):
  File "C:\Users\macki\AppData\Local\Programs\Python\Python312\Lib\logging\__init__.py", line 1163, in emit
    stream.write(msg + self.terminator)
  File "C:\Users\macki\AppData\Local\Programs\Python\Python312\Lib\encodings\cp1252.py", line 19, in encode
    return codecs.charmap_encode(input,self.errors,encoding_table)[0]
           ^^^^^^^^^^^^^^^^^^^^^^^^^^^^^^^^^^^^^^^^^^^^^^^^^^^^^^^
UnicodeEncodeError: 'charmap' codec can't encode character '\u2713' in position 65: character maps to <undefined>
Call stack:
  File "C:\Users\macki\Desktop\TradingBot\main.py", line 722, in <module>
    asyncio.run(run_bot())
  File "C:\Users\macki\AppData\Local\Programs\Python\Python312\Lib\asyncio\runners.py", line 195, in run
    return runner.run(main)
  File "C:\Users\macki\AppData\Local\Programs\Python\Python312\Lib\asyncio\runners.py", line 118, in run
    return self._loop.run_until_complete(task)
  File "C:\Users\macki\AppData\Local\Programs\Python\Python312\Lib\asyncio\base_events.py", line 678, in run_until_complete
    self.run_forever()
  File "C:\Users\macki\AppData\Local\Programs\Python\Python312\Lib\asyncio\windows_events.py", line 322, in run_forever
    super().run_forever()
  File "C:\Users\macki\AppData\Local\Programs\Python\Python312\Lib\asyncio\base_events.py", line 645, in run_forever
    self._run_once()
  File "C:\Users\macki\AppData\Local\Programs\Python\Python312\Lib\asyncio\base_events.py", line 1999, in _run_once
    handle._run()
  File "C:\Users\macki\AppData\Local\Programs\Python\Python312\Lib\asyncio\events.py", line 88, in _run
    self._context.run(self._callback, *self._args)
  File "C:\Users\macki\Desktop\TradingBot\main.py", line 158, in run_bot
    logger.info("[OK] Live trading improvements initialized \u2713")
Message: '[OK] Live trading improvements initialized \u2713'
Arguments: ()
--- Logging error ---
Traceback (most recent call last):
  File "C:\Users\macki\AppData\Local\Programs\Python\Python312\Lib\logging\__init__.py", line 1163, in emit
    stream.write(msg + self.terminator)
  File "C:\Users\macki\AppData\Local\Programs\Python\Python312\Lib\encodings\cp1252.py", line 19, in encode
    return codecs.charmap_encode(input,self.errors,encoding_table)[0]
           ^^^^^^^^^^^^^^^^^^^^^^^^^^^^^^^^^^^^^^^^^^^^^^^^^^^^^^^
UnicodeEncodeError: 'charmap' codec can't encode character '\u2705' in position 66: character maps to <undefined>
Call stack:
  File "C:\Users\macki\Desktop\TradingBot\main.py", line 722, in <module>
    asyncio.run(run_bot())
  File "C:\Users\macki\AppData\Local\Programs\Python\Python312\Lib\asyncio\runners.py", line 195, in run
    return runner.run(main)
  File "C:\Users\macki\AppData\Local\Programs\Python\Python312\Lib\asyncio\runners.py", line 118, in run
    return self._loop.run_until_complete(task)
  File "C:\Users\macki\AppData\Local\Programs\Python\Python312\Lib\asyncio\base_events.py", line 678, in run_until_complete
    self.run_forever()
  File "C:\Users\macki\AppData\Local\Programs\Python\Python312\Lib\asyncio\windows_events.py", line 322, in run_forever
    super().run_forever()
  File "C:\Users\macki\AppData\Local\Programs\Python\Python312\Lib\asyncio\base_events.py", line 645, in run_forever
    self._run_once()
  File "C:\Users\macki\AppData\Local\Programs\Python\Python312\Lib\asyncio\base_events.py", line 1999, in _run_once
    handle._run()
  File "C:\Users\macki\AppData\Local\Programs\Python\Python312\Lib\asyncio\events.py", line 88, in _run
    self._context.run(self._callback, *self._args)
  File "C:\Users\macki\Desktop\TradingBot\main.py", line 210, in run_bot
    logger.info("[INIT] Three-Layer Architecture initialized \u2705")
Message: '[INIT] Three-Layer Architecture initialized \u2705'
Arguments: ()
--- Logging error ---
Traceback (most recent call last):
  File "C:\Users\macki\AppData\Local\Programs\Python\Python312\Lib\logging\__init__.py", line 1163, in emit
    stream.write(msg + self.terminator)
  File "C:\Users\macki\AppData\Local\Programs\Python\Python312\Lib\encodings\cp1252.py", line 19, in encode
    return codecs.charmap_encode(input,self.errors,encoding_table)[0]
           ^^^^^^^^^^^^^^^^^^^^^^^^^^^^^^^^^^^^^^^^^^^^^^^^^^^^^^^
UnicodeEncodeError: 'charmap' codec can't encode character '\u2705' in position 11: character maps to <undefined>
Call stack:
  File "C:\Users\macki\Desktop\TradingBot\main.py", line 722, in <module>
    asyncio.run(run_bot())
  File "C:\Users\macki\AppData\Local\Programs\Python\Python312\Lib\asyncio\runners.py", line 195, in run
    return runner.run(main)
  File "C:\Users\macki\AppData\Local\Programs\Python\Python312\Lib\asyncio\runners.py", line 118, in run
    return self._loop.run_until_complete(task)
  File "C:\Users\macki\AppData\Local\Programs\Python\Python312\Lib\asyncio\base_events.py", line 678, in run_until_complete
    self.run_forever()
  File "C:\Users\macki\AppData\Local\Programs\Python\Python312\Lib\asyncio\windows_events.py", line 322, in run_forever
    super().run_forever()
  File "C:\Users\macki\AppData\Local\Programs\Python\Python312\Lib\asyncio\base_events.py", line 645, in run_forever
    self._run_once()
  File "C:\Users\macki\AppData\Local\Programs\Python\Python312\Lib\asyncio\base_events.py", line 1999, in _run_once
    handle._run()
  File "C:\Users\macki\AppData\Local\Programs\Python\Python312\Lib\asyncio\events.py", line 88, in _run
    self._context.run(self._callback, *self._args)
  File "C:\Users\macki\Desktop\TradingBot\main.py", line 388, in run_bot
    trade_manager.record_exit(position, position.current_price, reason)
  File "C:\Users\macki\Desktop\TradingBot\src\trading\trade_manager.py", line 350, in record_exit
    self.exit_logger.log_exit(record)
  File "C:\Users\macki\Desktop\TradingBot\src\trading\exit_reason.py", line 152, in log_exit
    self.logger.info(
Message: '%s [EXIT] %s | Reason: %s | PnL: $%.2f (%+.1f pips) | Hold: %dm | Entry: %.5f \u2192 Exit: %.5f%s%s'
Arguments: ('\u2705', 'USD/JPY', 'equity_lock', 10.000000000047748, 20.000000000095497, -120, 156.893, 156.891, '', ' [TRAINING EXCLUDED]')
