{"timestamp": "2025-08-02T00:15:25.016997+00:00", "level": "INFO", "logger": "trading.test", "message": "Test log message", "module": "logging_system", "function": "_log_with_context", "line": 117}
{"timestamp": "2025-08-02T00:17:43.640796+00:00", "level": "INFO", "logger": "trading.test", "message": "Test log message", "module": "logging_system", "function": "_log_with_context", "line": 117}
{"timestamp": "2025-08-02T00:18:05.870811+00:00", "level": "INFO", "logger": "trading.test", "message": "Test log message", "module": "logging_system", "function": "_log_with_context", "line": 117}
{"timestamp": "2025-08-02T00:22:20.201725+00:00", "level": "INFO", "logger": "trading.performance_monitor", "message": "Trade result recorded: PnL=100.0, Win=True", "module": "logging_system", "function": "_log_with_context", "line": 117}
{"timestamp": "2025-08-02T00:22:20.299341+00:00", "level": "INFO", "logger": "trading.performance_monitor", "message": "Trade result recorded: PnL=100.0, Win=True", "module": "logging_system", "function": "_log_with_context", "line": 117}
{"timestamp": "2025-08-02T00:22:20.299341+00:00", "level": "INFO", "logger": "trading.performance_monitor", "message": "Trade result recorded: PnL=50.0, Win=True", "module": "logging_system", "function": "_log_with_context", "line": 117}
{"timestamp": "2025-08-02T00:22:20.299341+00:00", "level": "INFO", "logger": "trading.performance_monitor", "message": "Trade result recorded: PnL=-30.0, Win=False", "module": "logging_system", "function": "_log_with_context", "line": 117}
{"timestamp": "2025-08-02T00:22:20.299341+00:00", "level": "INFO", "logger": "trading.performance_monitor", "message": "Trade result recorded: PnL=-20.0, Win=False", "module": "logging_system", "function": "_log_with_context", "line": 117}
{"timestamp": "2025-08-02T00:22:20.317407+00:00", "level": "INFO", "logger": "trading.performance_monitor", "message": "Trade result recorded: PnL=-25.0, Win=False", "module": "logging_system", "function": "_log_with_context", "line": 117}
{"timestamp": "2025-08-02T00:22:20.319028+00:00", "level": "INFO", "logger": "trading.performance_monitor", "message": "Trade result recorded: PnL=50.0, Win=True", "module": "logging_system", "function": "_log_with_context", "line": 117}
{"timestamp": "2025-08-02T00:22:20.331249+00:00", "level": "INFO", "logger": "trading.alert_system", "message": "ALERT: Test Alert - Test message", "module": "logging_system", "function": "_log_with_context", "line": 117}
{"timestamp": "2025-08-02T00:22:20.331249+00:00", "level": "INFO", "logger": "trading.alert_system", "message": "Manual alert created: manual_1754094140", "module": "logging_system", "function": "_log_with_context", "line": 117}
{"timestamp": "2025-08-02T00:22:20.331249+00:00", "level": "INFO", "logger": "trading.alert_system", "message": "Alert acknowledged: manual_1754094140", "module": "logging_system", "function": "_log_with_context", "line": 117}
{"timestamp": "2025-08-02T00:22:20.334070+00:00", "level": "INFO", "logger": "trading.alert_system", "message": "Added alert rule: custom_rule", "module": "logging_system", "function": "_log_with_context", "line": 117}
{"timestamp": "2025-08-02T00:22:20.337963+00:00", "level": "ERROR", "logger": "trading.alert_system", "message": "ALERT: Alert: High Error Rate - High error rate detected: 15.00%", "module": "logging_system", "function": "_log_with_context", "line": 117}
{"timestamp": "2025-08-02T00:22:20.337963+00:00", "level": "WARNING", "logger": "trading.alert_system", "message": "Email alert requested but no email configuration provided", "module": "logging_system", "function": "_log_with_context", "line": 117}
{"timestamp": "2025-08-02T00:22:20.337963+00:00", "level": "CRITICAL", "logger": "trading.alert_system", "message": "ALERT: Alert: High Drawdown - Critical drawdown reached: 20.00%", "module": "logging_system", "function": "_log_with_context", "line": 117}
{"timestamp": "2025-08-02T00:22:20.337963+00:00", "level": "WARNING", "logger": "trading.alert_system", "message": "Email alert requested but no email configuration provided", "module": "logging_system", "function": "_log_with_context", "line": 117}
{"timestamp": "2025-08-02T00:22:20.337963+00:00", "level": "WARNING", "logger": "trading.alert_system", "message": "Webhook alert requested but no webhook configuration provided", "module": "logging_system", "function": "_log_with_context", "line": 117}
{"timestamp": "2025-08-02T00:22:20.338956+00:00", "level": "WARNING", "logger": "trading.alert_system", "message": "ALERT: Alert: Slow Api Response - Slow API responses: 15.00s average", "module": "logging_system", "function": "_log_with_context", "line": 117}
{"timestamp": "2025-08-02T00:22:20.338956+00:00", "level": "WARNING", "logger": "trading.alert_system", "message": "ALERT: Manual Test Alert - This is a manual test alert", "module": "logging_system", "function": "_log_with_context", "line": 117}
{"timestamp": "2025-08-02T00:22:20.338956+00:00", "level": "INFO", "logger": "trading.alert_system", "message": "Manual alert created: manual_1754094140", "module": "logging_system", "function": "_log_with_context", "line": 117}
{"timestamp": "2025-08-02T00:22:20.341226+00:00", "level": "INFO", "logger": "trading.alert_system", "message": "ALERT: Alert 1 - Message 1", "module": "logging_system", "function": "_log_with_context", "line": 117}
{"timestamp": "2025-08-02T00:22:20.341226+00:00", "level": "INFO", "logger": "trading.alert_system", "message": "Manual alert created: manual_1754094140", "module": "logging_system", "function": "_log_with_context", "line": 117}
{"timestamp": "2025-08-02T00:22:20.341226+00:00", "level": "WARNING", "logger": "trading.alert_system", "message": "ALERT: Alert 2 - Message 2", "module": "logging_system", "function": "_log_with_context", "line": 117}
{"timestamp": "2025-08-02T00:22:20.341226+00:00", "level": "INFO", "logger": "trading.alert_system", "message": "Manual alert created: manual_1754094140", "module": "logging_system", "function": "_log_with_context", "line": 117}
{"timestamp": "2025-08-02T00:22:20.349350+00:00", "level": "INFO", "logger": "trading.alert_system", "message": "ALERT: Alert 1 - Message 1", "module": "logging_system", "function": "_log_with_context", "line": 117}
{"timestamp": "2025-08-02T00:22:20.349350+00:00", "level": "INFO", "logger": "trading.alert_system", "message": "Manual alert created: manual_1754094140", "module": "logging_system", "function": "_log_with_context", "line": 117}
{"timestamp": "2025-08-02T00:22:20.349350+00:00", "level": "ERROR", "logger": "trading.alert_system", "message": "ALERT: Alert 2 - Message 2", "module": "logging_system", "function": "_log_with_context", "line": 117}
{"timestamp": "2025-08-02T00:22:20.349350+00:00", "level": "INFO", "logger": "trading.alert_system", "message": "Manual alert created: manual_1754094140", "module": "logging_system", "function": "_log_with_context", "line": 117}
{"timestamp": "2025-08-02T00:22:20.358365+00:00", "level": "INFO", "logger": "trading.alert_system", "message": "ALERT: Info Alert - Info message", "module": "logging_system", "function": "_log_with_context", "line": 117}
{"timestamp": "2025-08-02T00:22:20.358365+00:00", "level": "INFO", "logger": "trading.alert_system", "message": "Manual alert created: manual_1754094140", "module": "logging_system", "function": "_log_with_context", "line": 117}
{"timestamp": "2025-08-02T00:22:20.358746+00:00", "level": "ERROR", "logger": "trading.alert_system", "message": "ALERT: Error Alert - Error message", "module": "logging_system", "function": "_log_with_context", "line": 117}
{"timestamp": "2025-08-02T00:22:20.358746+00:00", "level": "INFO", "logger": "trading.alert_system", "message": "Manual alert created: manual_1754094140", "module": "logging_system", "function": "_log_with_context", "line": 117}
{"timestamp": "2025-08-02T00:36:19.633243+00:00", "level": "INFO", "logger": "trading.performance_monitor", "message": "Trade result recorded: PnL=100.0, Win=True", "module": "logging_system", "function": "_log_with_context", "line": 117}
{"timestamp": "2025-08-02T00:36:19.736939+00:00", "level": "INFO", "logger": "trading.performance_monitor", "message": "Trade result recorded: PnL=100.0, Win=True", "module": "logging_system", "function": "_log_with_context", "line": 117}
{"timestamp": "2025-08-02T00:36:19.736939+00:00", "level": "INFO", "logger": "trading.performance_monitor", "message": "Trade result recorded: PnL=50.0, Win=True", "module": "logging_system", "function": "_log_with_context", "line": 117}
{"timestamp": "2025-08-02T00:36:19.736939+00:00", "level": "INFO", "logger": "trading.performance_monitor", "message": "Trade result recorded: PnL=-30.0, Win=False", "module": "logging_system", "function": "_log_with_context", "line": 117}
{"timestamp": "2025-08-02T00:36:19.736939+00:00", "level": "INFO", "logger": "trading.performance_monitor", "message": "Trade result recorded: PnL=-20.0, Win=False", "module": "logging_system", "function": "_log_with_context", "line": 117}
{"timestamp": "2025-08-02T00:36:19.753514+00:00", "level": "INFO", "logger": "trading.performance_monitor", "message": "Trade result recorded: PnL=-25.0, Win=False", "module": "logging_system", "function": "_log_with_context", "line": 117}
{"timestamp": "2025-08-02T00:36:19.755618+00:00", "level": "INFO", "logger": "trading.performance_monitor", "message": "Trade result recorded: PnL=50.0, Win=True", "module": "logging_system", "function": "_log_with_context", "line": 117}
{"timestamp": "2025-08-02T00:36:19.767363+00:00", "level": "INFO", "logger": "trading.alert_system", "message": "ALERT: Test Alert - Test message", "module": "logging_system", "function": "_log_with_context", "line": 117}
{"timestamp": "2025-08-02T00:36:19.767363+00:00", "level": "INFO", "logger": "trading.alert_system", "message": "Manual alert created: manual_1754094979", "module": "logging_system", "function": "_log_with_context", "line": 117}
{"timestamp": "2025-08-02T00:36:19.767363+00:00", "level": "INFO", "logger": "trading.alert_system", "message": "Alert acknowledged: manual_1754094979", "module": "logging_system", "function": "_log_with_context", "line": 117}
{"timestamp": "2025-08-02T00:36:19.768982+00:00", "level": "INFO", "logger": "trading.alert_system", "message": "Added alert rule: custom_rule", "module": "logging_system", "function": "_log_with_context", "line": 117}
{"timestamp": "2025-08-02T00:36:19.773047+00:00", "level": "ERROR", "logger": "trading.alert_system", "message": "ALERT: Alert: High Error Rate - High error rate detected: 15.00%", "module": "logging_system", "function": "_log_with_context", "line": 117}
{"timestamp": "2025-08-02T00:36:19.773047+00:00", "level": "WARNING", "logger": "trading.alert_system", "message": "Email alert requested but no email configuration provided", "module": "logging_system", "function": "_log_with_context", "line": 117}
{"timestamp": "2025-08-02T00:36:19.773047+00:00", "level": "CRITICAL", "logger": "trading.alert_system", "message": "ALERT: Alert: High Drawdown - Critical drawdown reached: 20.00%", "module": "logging_system", "function": "_log_with_context", "line": 117}
{"timestamp": "2025-08-02T00:36:19.773047+00:00", "level": "WARNING", "logger": "trading.alert_system", "message": "Email alert requested but no email configuration provided", "module": "logging_system", "function": "_log_with_context", "line": 117}
{"timestamp": "2025-08-02T00:36:19.773047+00:00", "level": "WARNING", "logger": "trading.alert_system", "message": "Webhook alert requested but no webhook configuration provided", "module": "logging_system", "function": "_log_with_context", "line": 117}
{"timestamp": "2025-08-02T00:36:19.773047+00:00", "level": "WARNING", "logger": "trading.alert_system", "message": "ALERT: Alert: Slow Api Response - Slow API responses: 15.00s average", "module": "logging_system", "function": "_log_with_context", "line": 117}
{"timestamp": "2025-08-02T00:36:19.774052+00:00", "level": "WARNING", "logger": "trading.alert_system", "message": "ALERT: Manual Test Alert - This is a manual test alert", "module": "logging_system", "function": "_log_with_context", "line": 117}
{"timestamp": "2025-08-02T00:36:19.774052+00:00", "level": "INFO", "logger": "trading.alert_system", "message": "Manual alert created: manual_1754094979", "module": "logging_system", "function": "_log_with_context", "line": 117}
{"timestamp": "2025-08-02T00:36:19.775932+00:00", "level": "INFO", "logger": "trading.alert_system", "message": "ALERT: Alert 1 - Message 1", "module": "logging_system", "function": "_log_with_context", "line": 117}
{"timestamp": "2025-08-02T00:36:19.775932+00:00", "level": "INFO", "logger": "trading.alert_system", "message": "Manual alert created: manual_1754094979", "module": "logging_system", "function": "_log_with_context", "line": 117}
{"timestamp": "2025-08-02T00:36:19.775932+00:00", "level": "WARNING", "logger": "trading.alert_system", "message": "ALERT: Alert 2 - Message 2", "module": "logging_system", "function": "_log_with_context", "line": 117}
{"timestamp": "2025-08-02T00:36:19.775932+00:00", "level": "INFO", "logger": "trading.alert_system", "message": "Manual alert created: manual_1754094979", "module": "logging_system", "function": "_log_with_context", "line": 117}
{"timestamp": "2025-08-02T00:36:19.783982+00:00", "level": "INFO", "logger": "trading.alert_system", "message": "ALERT: Alert 1 - Message 1", "module": "logging_system", "function": "_log_with_context", "line": 117}
{"timestamp": "2025-08-02T00:36:19.783982+00:00", "level": "INFO", "logger": "trading.alert_system", "message": "Manual alert created: manual_1754094979", "module": "logging_system", "function": "_log_with_context", "line": 117}
{"timestamp": "2025-08-02T00:36:19.783982+00:00", "level": "ERROR", "logger": "trading.alert_system", "message": "ALERT: Alert 2 - Message 2", "module": "logging_system", "function": "_log_with_context", "line": 117}
{"timestamp": "2025-08-02T00:36:19.783982+00:00", "level": "INFO", "logger": "trading.alert_system", "message": "Manual alert created: manual_1754094979", "module": "logging_system", "function": "_log_with_context", "line": 117}
{"timestamp": "2025-08-02T00:36:19.791715+00:00", "level": "INFO", "logger": "trading.alert_system", "message": "ALERT: Info Alert - Info message", "module": "logging_system", "function": "_log_with_context", "line": 117}
{"timestamp": "2025-08-02T00:36:19.791715+00:00", "level": "INFO", "logger": "trading.alert_system", "message": "Manual alert created: manual_1754094979", "module": "logging_system", "function": "_log_with_context", "line": 117}
{"timestamp": "2025-08-02T00:36:19.791715+00:00", "level": "ERROR", "logger": "trading.alert_system", "message": "ALERT: Error Alert - Error message", "module": "logging_system", "function": "_log_with_context", "line": 117}
{"timestamp": "2025-08-02T00:36:19.791715+00:00", "level": "INFO", "logger": "trading.alert_system", "message": "Manual alert created: manual_1754094979", "module": "logging_system", "function": "_log_with_context", "line": 117}
{"timestamp": "2025-08-02T00:37:06.424614+00:00", "level": "INFO", "logger": "trading.alert_system", "message": "ALERT: Info Alert - Info message", "module": "logging_system", "function": "_log_with_context", "line": 117}
{"timestamp": "2025-08-02T00:37:06.424614+00:00", "level": "INFO", "logger": "trading.alert_system", "message": "Manual alert created: manual_1754095026", "module": "logging_system", "function": "_log_with_context", "line": 117}
{"timestamp": "2025-08-02T00:37:06.424614+00:00", "level": "ERROR", "logger": "trading.alert_system", "message": "ALERT: Error Alert - Error message", "module": "logging_system", "function": "_log_with_context", "line": 117}
{"timestamp": "2025-08-02T00:37:06.424614+00:00", "level": "INFO", "logger": "trading.alert_system", "message": "Manual alert created: manual_1754095026", "module": "logging_system", "function": "_log_with_context", "line": 117}
{"timestamp": "2025-08-02T00:43:10.900015+00:00", "level": "INFO", "logger": "trading.alert_system", "message": "ALERT: Info Alert - Info message", "module": "logging_system", "function": "_log_with_context", "line": 117}
{"timestamp": "2025-08-02T00:43:10.900015+00:00", "level": "INFO", "logger": "trading.alert_system", "message": "Manual alert created: manual_1754095390", "module": "logging_system", "function": "_log_with_context", "line": 117}
{"timestamp": "2025-08-02T00:43:10.900015+00:00", "level": "ERROR", "logger": "trading.alert_system", "message": "ALERT: Error Alert - Error message", "module": "logging_system", "function": "_log_with_context", "line": 117}
{"timestamp": "2025-08-02T00:43:10.900015+00:00", "level": "INFO", "logger": "trading.alert_system", "message": "Manual alert created: manual_1754095390", "module": "logging_system", "function": "_log_with_context", "line": 117}
{"timestamp": "2025-08-02T00:51:59.585617+00:00", "level": "INFO", "logger": "trading.alert_system", "message": "ALERT: Info Alert - Info message", "module": "logging_system", "function": "_log_with_context", "line": 117}
{"timestamp": "2025-08-02T00:51:59.585617+00:00", "level": "INFO", "logger": "trading.alert_system", "message": "Manual alert created: manual_1754095919", "module": "logging_system", "function": "_log_with_context", "line": 117}
{"timestamp": "2025-08-02T00:51:59.586636+00:00", "level": "ERROR", "logger": "trading.alert_system", "message": "ALERT: Error Alert - Error message", "module": "logging_system", "function": "_log_with_context", "line": 117}
{"timestamp": "2025-08-02T00:51:59.586636+00:00", "level": "INFO", "logger": "trading.alert_system", "message": "Manual alert created: manual_1754095919", "module": "logging_system", "function": "_log_with_context", "line": 117}
{"timestamp": "2025-08-02T03:32:23.089482+00:00", "level": "INFO", "logger": "trading.alert_system", "message": "ALERT: Test Alert - Test message", "module": "logging_system", "function": "_log_with_context", "line": 117}
{"timestamp": "2025-08-02T03:32:23.089482+00:00", "level": "INFO", "logger": "trading.alert_system", "message": "Manual alert created: manual_1754105543", "module": "logging_system", "function": "_log_with_context", "line": 117}
{"timestamp": "2025-08-02T03:32:23.090482+00:00", "level": "INFO", "logger": "trading.alert_system", "message": "Alert acknowledged: manual_1754105543", "module": "logging_system", "function": "_log_with_context", "line": 117}
{"timestamp": "2025-08-02T03:32:23.090482+00:00", "level": "INFO", "logger": "trading.alert_system", "message": "Added alert rule: custom_rule", "module": "logging_system", "function": "_log_with_context", "line": 117}
{"timestamp": "2025-08-02T03:32:23.091482+00:00", "level": "ERROR", "logger": "trading.alert_system", "message": "ALERT: Alert: High Error Rate - High error rate detected: 15.00%", "module": "logging_system", "function": "_log_with_context", "line": 117}
{"timestamp": "2025-08-02T03:32:23.091482+00:00", "level": "WARNING", "logger": "trading.alert_system", "message": "Email alert requested but no email configuration provided", "module": "logging_system", "function": "_log_with_context", "line": 117}
{"timestamp": "2025-08-02T03:32:23.091482+00:00", "level": "CRITICAL", "logger": "trading.alert_system", "message": "ALERT: Alert: High Drawdown - Critical drawdown reached: 20.00%", "module": "logging_system", "function": "_log_with_context", "line": 117}
{"timestamp": "2025-08-02T03:32:23.091482+00:00", "level": "WARNING", "logger": "trading.alert_system", "message": "Email alert requested but no email configuration provided", "module": "logging_system", "function": "_log_with_context", "line": 117}
{"timestamp": "2025-08-02T03:32:23.091482+00:00", "level": "WARNING", "logger": "trading.alert_system", "message": "Webhook alert requested but no webhook configuration provided", "module": "logging_system", "function": "_log_with_context", "line": 117}
{"timestamp": "2025-08-02T03:32:23.091482+00:00", "level": "WARNING", "logger": "trading.alert_system", "message": "ALERT: Alert: Slow Api Response - Slow API responses: 15.00s average", "module": "logging_system", "function": "_log_with_context", "line": 117}
{"timestamp": "2025-08-02T03:32:23.092482+00:00", "level": "WARNING", "logger": "trading.alert_system", "message": "ALERT: Manual Test Alert - This is a manual test alert", "module": "logging_system", "function": "_log_with_context", "line": 117}
{"timestamp": "2025-08-02T03:32:23.092482+00:00", "level": "INFO", "logger": "trading.alert_system", "message": "Manual alert created: manual_1754105543", "module": "logging_system", "function": "_log_with_context", "line": 117}
{"timestamp": "2025-08-02T03:32:23.092482+00:00", "level": "INFO", "logger": "trading.alert_system", "message": "ALERT: Alert 1 - Message 1", "module": "logging_system", "function": "_log_with_context", "line": 117}
{"timestamp": "2025-08-02T03:32:23.092482+00:00", "level": "INFO", "logger": "trading.alert_system", "message": "Manual alert created: manual_1754105543", "module": "logging_system", "function": "_log_with_context", "line": 117}
{"timestamp": "2025-08-02T03:32:23.092482+00:00", "level": "WARNING", "logger": "trading.alert_system", "message": "ALERT: Alert 2 - Message 2", "module": "logging_system", "function": "_log_with_context", "line": 117}
{"timestamp": "2025-08-02T03:32:23.093484+00:00", "level": "INFO", "logger": "trading.alert_system", "message": "Manual alert created: manual_1754105543", "module": "logging_system", "function": "_log_with_context", "line": 117}
{"timestamp": "2025-08-02T03:32:23.094483+00:00", "level": "INFO", "logger": "trading.alert_system", "message": "ALERT: Alert 1 - Message 1", "module": "logging_system", "function": "_log_with_context", "line": 117}
{"timestamp": "2025-08-02T03:32:23.094483+00:00", "level": "INFO", "logger": "trading.alert_system", "message": "Manual alert created: manual_1754105543", "module": "logging_system", "function": "_log_with_context", "line": 117}
{"timestamp": "2025-08-02T03:32:23.094483+00:00", "level": "ERROR", "logger": "trading.alert_system", "message": "ALERT: Alert 2 - Message 2", "module": "logging_system", "function": "_log_with_context", "line": 117}
{"timestamp": "2025-08-02T03:32:23.094483+00:00", "level": "INFO", "logger": "trading.alert_system", "message": "Manual alert created: manual_1754105543", "module": "logging_system", "function": "_log_with_context", "line": 117}
{"timestamp": "2025-08-02T03:32:23.094483+00:00", "level": "INFO", "logger": "trading.alert_system", "message": "ALERT: Info Alert - Info message", "module": "logging_system", "function": "_log_with_context", "line": 117}
{"timestamp": "2025-08-02T03:32:23.094483+00:00", "level": "INFO", "logger": "trading.alert_system", "message": "Manual alert created: manual_1754105543", "module": "logging_system", "function": "_log_with_context", "line": 117}
{"timestamp": "2025-08-02T03:32:23.095483+00:00", "level": "ERROR", "logger": "trading.alert_system", "message": "ALERT: Error Alert - Error message", "module": "logging_system", "function": "_log_with_context", "line": 117}
{"timestamp": "2025-08-02T03:32:23.095483+00:00", "level": "INFO", "logger": "trading.alert_system", "message": "Manual alert created: manual_1754105543", "module": "logging_system", "function": "_log_with_context", "line": 117}
{"timestamp": "2025-08-02T11:17:14.479906+00:00", "level": "INFO", "logger": "trading.alert_system", "message": "ALERT: Info Alert - Info message", "module": "logging_system", "function": "_log_with_context", "line": 117}
{"timestamp": "2025-08-02T11:17:14.479906+00:00", "level": "INFO", "logger": "trading.alert_system", "message": "Manual alert created: manual_1754133434", "module": "logging_system", "function": "_log_with_context", "line": 117}
{"timestamp": "2025-08-02T11:17:14.479906+00:00", "level": "ERROR", "logger": "trading.alert_system", "message": "ALERT: Error Alert - Error message", "module": "logging_system", "function": "_log_with_context", "line": 117}
{"timestamp": "2025-08-02T11:17:14.479906+00:00", "level": "INFO", "logger": "trading.alert_system", "message": "Manual alert created: manual_1754133434", "module": "logging_system", "function": "_log_with_context", "line": 117}
{"timestamp": "2025-08-02T11:18:24.098819+00:00", "level": "INFO", "logger": "trading.alert_system", "message": "ALERT: Info Alert - Info message", "module": "logging_system", "function": "_log_with_context", "line": 117}
{"timestamp": "2025-08-02T11:18:24.099820+00:00", "level": "INFO", "logger": "trading.alert_system", "message": "Manual alert created: manual_1754133504", "module": "logging_system", "function": "_log_with_context", "line": 117}
{"timestamp": "2025-08-02T11:18:24.099820+00:00", "level": "ERROR", "logger": "trading.alert_system", "message": "ALERT: Error Alert - Error message", "module": "logging_system", "function": "_log_with_context", "line": 117}
{"timestamp": "2025-08-02T11:18:24.099820+00:00", "level": "INFO", "logger": "trading.alert_system", "message": "Manual alert created: manual_1754133504", "module": "logging_system", "function": "_log_with_context", "line": 117}
{"timestamp": "2025-08-02T11:33:57.369213+00:00", "level": "INFO", "logger": "trading.alert_system", "message": "ALERT: Info Alert - Info message", "module": "logging_system", "function": "_log_with_context", "line": 117}
{"timestamp": "2025-08-02T11:33:57.369213+00:00", "level": "INFO", "logger": "trading.alert_system", "message": "Manual alert created: manual_1754134437", "module": "logging_system", "function": "_log_with_context", "line": 117}
{"timestamp": "2025-08-02T11:33:57.369213+00:00", "level": "ERROR", "logger": "trading.alert_system", "message": "ALERT: Error Alert - Error message", "module": "logging_system", "function": "_log_with_context", "line": 117}
{"timestamp": "2025-08-02T11:33:57.369213+00:00", "level": "INFO", "logger": "trading.alert_system", "message": "Manual alert created: manual_1754134437", "module": "logging_system", "function": "_log_with_context", "line": 117}
{"timestamp": "2025-08-02T11:35:59.647975+00:00", "level": "INFO", "logger": "trading.alert_system", "message": "ALERT: Info Alert - Info message", "module": "logging_system", "function": "_log_with_context", "line": 117}
{"timestamp": "2025-08-02T11:35:59.647975+00:00", "level": "INFO", "logger": "trading.alert_system", "message": "Manual alert created: manual_1754134559", "module": "logging_system", "function": "_log_with_context", "line": 117}
{"timestamp": "2025-08-02T11:35:59.649129+00:00", "level": "ERROR", "logger": "trading.alert_system", "message": "ALERT: Error Alert - Error message", "module": "logging_system", "function": "_log_with_context", "line": 117}
{"timestamp": "2025-08-02T11:35:59.649129+00:00", "level": "INFO", "logger": "trading.alert_system", "message": "Manual alert created: manual_1754134559", "module": "logging_system", "function": "_log_with_context", "line": 117}
{"timestamp": "2025-08-02T11:56:45.584559+00:00", "level": "INFO", "logger": "trading.alert_system", "message": "ALERT: Test Alert - Test message", "module": "logging_system", "function": "_log_with_context", "line": 117}
{"timestamp": "2025-08-02T11:56:45.584559+00:00", "level": "INFO", "logger": "trading.alert_system", "message": "Manual alert created: manual_1754135805", "module": "logging_system", "function": "_log_with_context", "line": 117}
{"timestamp": "2025-08-02T11:56:45.584559+00:00", "level": "INFO", "logger": "trading.alert_system", "message": "Alert acknowledged: manual_1754135805", "module": "logging_system", "function": "_log_with_context", "line": 117}
{"timestamp": "2025-08-02T11:56:45.584559+00:00", "level": "INFO", "logger": "trading.alert_system", "message": "Added alert rule: custom_rule", "module": "logging_system", "function": "_log_with_context", "line": 117}
{"timestamp": "2025-08-02T11:56:45.584559+00:00", "level": "ERROR", "logger": "trading.alert_system", "message": "ALERT: Alert: High Error Rate - High error rate detected: 15.00%", "module": "logging_system", "function": "_log_with_context", "line": 117}
{"timestamp": "2025-08-02T11:56:45.589235+00:00", "level": "CRITICAL", "logger": "trading.alert_system", "message": "ALERT: Alert: High Drawdown - Critical drawdown reached: 20.00%", "module": "logging_system", "function": "_log_with_context", "line": 117}
{"timestamp": "2025-08-02T11:56:45.589235+00:00", "level": "WARNING", "logger": "trading.alert_system", "message": "ALERT: Alert: Slow Api Response - Slow API responses: 15.00s average", "module": "logging_system", "function": "_log_with_context", "line": 117}
{"timestamp": "2025-08-02T11:56:45.589235+00:00", "level": "WARNING", "logger": "trading.alert_system", "message": "ALERT: Manual Test Alert - This is a manual test alert", "module": "logging_system", "function": "_log_with_context", "line": 117}
{"timestamp": "2025-08-02T11:56:45.589235+00:00", "level": "INFO", "logger": "trading.alert_system", "message": "Manual alert created: manual_1754135805", "module": "logging_system", "function": "_log_with_context", "line": 117}
{"timestamp": "2025-08-02T11:56:45.589235+00:00", "level": "INFO", "logger": "trading.alert_system", "message": "ALERT: Alert 1 - Message 1", "module": "logging_system", "function": "_log_with_context", "line": 117}
{"timestamp": "2025-08-02T11:56:45.589235+00:00", "level": "INFO", "logger": "trading.alert_system", "message": "Manual alert created: manual_1754135805", "module": "logging_system", "function": "_log_with_context", "line": 117}
{"timestamp": "2025-08-02T11:56:45.589235+00:00", "level": "WARNING", "logger": "trading.alert_system", "message": "ALERT: Alert 2 - Message 2", "module": "logging_system", "function": "_log_with_context", "line": 117}
{"timestamp": "2025-08-02T11:56:45.590255+00:00", "level": "INFO", "logger": "trading.alert_system", "message": "Manual alert created: manual_1754135805", "module": "logging_system", "function": "_log_with_context", "line": 117}
{"timestamp": "2025-08-02T11:56:45.590255+00:00", "level": "INFO", "logger": "trading.alert_system", "message": "ALERT: Alert 1 - Message 1", "module": "logging_system", "function": "_log_with_context", "line": 117}
{"timestamp": "2025-08-02T11:56:45.590255+00:00", "level": "INFO", "logger": "trading.alert_system", "message": "Manual alert created: manual_1754135805", "module": "logging_system", "function": "_log_with_context", "line": 117}
{"timestamp": "2025-08-02T11:56:45.590255+00:00", "level": "ERROR", "logger": "trading.alert_system", "message": "ALERT: Alert 2 - Message 2", "module": "logging_system", "function": "_log_with_context", "line": 117}
{"timestamp": "2025-08-02T11:56:45.590255+00:00", "level": "INFO", "logger": "trading.alert_system", "message": "Manual alert created: manual_1754135805", "module": "logging_system", "function": "_log_with_context", "line": 117}
{"timestamp": "2025-08-02T11:56:45.590255+00:00", "level": "INFO", "logger": "trading.alert_system", "message": "ALERT: Info Alert - Info message", "module": "logging_system", "function": "_log_with_context", "line": 117}
{"timestamp": "2025-08-02T11:56:45.590255+00:00", "level": "INFO", "logger": "trading.alert_system", "message": "Manual alert created: manual_1754135805", "module": "logging_system", "function": "_log_with_context", "line": 117}
{"timestamp": "2025-08-02T11:56:45.590255+00:00", "level": "ERROR", "logger": "trading.alert_system", "message": "ALERT: Error Alert - Error message", "module": "logging_system", "function": "_log_with_context", "line": 117}
{"timestamp": "2025-08-02T11:56:45.590255+00:00", "level": "INFO", "logger": "trading.alert_system", "message": "Manual alert created: manual_1754135805", "module": "logging_system", "function": "_log_with_context", "line": 117}
{"timestamp": "2025-08-02T11:57:15.655566+00:00", "level": "INFO", "logger": "trading.alert_system", "message": "ALERT: Test Alert - Test message", "module": "logging_system", "function": "_log_with_context", "line": 117}
{"timestamp": "2025-08-02T11:57:15.655566+00:00", "level": "INFO", "logger": "trading.alert_system", "message": "Manual alert created: manual_1754135835", "module": "logging_system", "function": "_log_with_context", "line": 117}
{"timestamp": "2025-08-02T11:57:15.655566+00:00", "level": "INFO", "logger": "trading.alert_system", "message": "Alert acknowledged: manual_1754135835", "module": "logging_system", "function": "_log_with_context", "line": 117}
{"timestamp": "2025-08-02T11:57:15.655566+00:00", "level": "INFO", "logger": "trading.alert_system", "message": "Added alert rule: custom_rule", "module": "logging_system", "function": "_log_with_context", "line": 117}
{"timestamp": "2025-08-02T11:57:15.655566+00:00", "level": "ERROR", "logger": "trading.alert_system", "message": "ALERT: Alert: High Error Rate - High error rate detected: 15.00%", "module": "logging_system", "function": "_log_with_context", "line": 117}
{"timestamp": "2025-08-02T11:57:15.655566+00:00", "level": "CRITICAL", "logger": "trading.alert_system", "message": "ALERT: Alert: High Drawdown - Critical drawdown reached: 20.00%", "module": "logging_system", "function": "_log_with_context", "line": 117}
{"timestamp": "2025-08-02T11:57:15.655566+00:00", "level": "WARNING", "logger": "trading.alert_system", "message": "ALERT: Alert: Slow Api Response - Slow API responses: 15.00s average", "module": "logging_system", "function": "_log_with_context", "line": 117}
{"timestamp": "2025-08-02T11:57:15.655566+00:00", "level": "WARNING", "logger": "trading.alert_system", "message": "ALERT: Manual Test Alert - This is a manual test alert", "module": "logging_system", "function": "_log_with_context", "line": 117}
{"timestamp": "2025-08-02T11:57:15.655566+00:00", "level": "INFO", "logger": "trading.alert_system", "message": "Manual alert created: manual_1754135835", "module": "logging_system", "function": "_log_with_context", "line": 117}
{"timestamp": "2025-08-02T11:57:15.663750+00:00", "level": "INFO", "logger": "trading.alert_system", "message": "ALERT: Alert 1 - Message 1", "module": "logging_system", "function": "_log_with_context", "line": 117}
{"timestamp": "2025-08-02T11:57:15.664269+00:00", "level": "INFO", "logger": "trading.alert_system", "message": "Manual alert created: manual_1754135835", "module": "logging_system", "function": "_log_with_context", "line": 117}
{"timestamp": "2025-08-02T11:57:15.664269+00:00", "level": "WARNING", "logger": "trading.alert_system", "message": "ALERT: Alert 2 - Message 2", "module": "logging_system", "function": "_log_with_context", "line": 117}
{"timestamp": "2025-08-02T11:57:15.664269+00:00", "level": "INFO", "logger": "trading.alert_system", "message": "Manual alert created: manual_1754135835", "module": "logging_system", "function": "_log_with_context", "line": 117}
{"timestamp": "2025-08-02T11:57:15.664269+00:00", "level": "INFO", "logger": "trading.alert_system", "message": "ALERT: Alert 1 - Message 1", "module": "logging_system", "function": "_log_with_context", "line": 117}
{"timestamp": "2025-08-02T11:57:15.664269+00:00", "level": "INFO", "logger": "trading.alert_system", "message": "Manual alert created: manual_1754135835", "module": "logging_system", "function": "_log_with_context", "line": 117}
{"timestamp": "2025-08-02T11:57:15.664269+00:00", "level": "ERROR", "logger": "trading.alert_system", "message": "ALERT: Alert 2 - Message 2", "module": "logging_system", "function": "_log_with_context", "line": 117}
{"timestamp": "2025-08-02T11:57:15.664269+00:00", "level": "INFO", "logger": "trading.alert_system", "message": "Manual alert created: manual_1754135835", "module": "logging_system", "function": "_log_with_context", "line": 117}
{"timestamp": "2025-08-02T11:57:15.664269+00:00", "level": "INFO", "logger": "trading.alert_system", "message": "ALERT: Info Alert - Info message", "module": "logging_system", "function": "_log_with_context", "line": 117}
{"timestamp": "2025-08-02T11:57:15.664269+00:00", "level": "INFO", "logger": "trading.alert_system", "message": "Manual alert created: manual_1754135835", "module": "logging_system", "function": "_log_with_context", "line": 117}
{"timestamp": "2025-08-02T11:57:15.664269+00:00", "level": "ERROR", "logger": "trading.alert_system", "message": "ALERT: Error Alert - Error message", "module": "logging_system", "function": "_log_with_context", "line": 117}
{"timestamp": "2025-08-02T11:57:15.664269+00:00", "level": "INFO", "logger": "trading.alert_system", "message": "Manual alert created: manual_1754135835", "module": "logging_system", "function": "_log_with_context", "line": 117}
{"timestamp": "2025-08-02T11:58:08.844161+00:00", "level": "INFO", "logger": "trading.alert_system", "message": "ALERT: Info Alert - Info message", "module": "logging_system", "function": "_log_with_context", "line": 117}
{"timestamp": "2025-08-02T11:58:08.844161+00:00", "level": "INFO", "logger": "trading.alert_system", "message": "Manual alert created: manual_1754135888", "module": "logging_system", "function": "_log_with_context", "line": 117}
{"timestamp": "2025-08-02T11:58:08.844161+00:00", "level": "ERROR", "logger": "trading.alert_system", "message": "ALERT: Error Alert - Error message", "module": "logging_system", "function": "_log_with_context", "line": 117}
{"timestamp": "2025-08-02T11:58:08.845239+00:00", "level": "INFO", "logger": "trading.alert_system", "message": "Manual alert created: manual_1754135888", "module": "logging_system", "function": "_log_with_context", "line": 117}
{"timestamp": "2025-08-02T12:00:32.726120+00:00", "level": "INFO", "logger": "trading.performance_monitor", "message": "Trade result recorded: PnL=100.0, Win=True", "module": "logging_system", "function": "_log_with_context", "line": 117}
{"timestamp": "2025-08-02T12:00:32.916338+00:00", "level": "INFO", "logger": "trading.performance_monitor", "message": "Trade result recorded: PnL=100.0, Win=True", "module": "logging_system", "function": "_log_with_context", "line": 117}
{"timestamp": "2025-08-02T12:00:32.916338+00:00", "level": "INFO", "logger": "trading.performance_monitor", "message": "Trade result recorded: PnL=50.0, Win=True", "module": "logging_system", "function": "_log_with_context", "line": 117}
{"timestamp": "2025-08-02T12:00:32.916338+00:00", "level": "INFO", "logger": "trading.performance_monitor", "message": "Trade result recorded: PnL=-30.0, Win=False", "module": "logging_system", "function": "_log_with_context", "line": 117}
{"timestamp": "2025-08-02T12:00:32.916338+00:00", "level": "INFO", "logger": "trading.performance_monitor", "message": "Trade result recorded: PnL=-20.0, Win=False", "module": "logging_system", "function": "_log_with_context", "line": 117}
{"timestamp": "2025-08-02T12:00:32.948417+00:00", "level": "INFO", "logger": "trading.performance_monitor", "message": "Trade result recorded: PnL=-25.0, Win=False", "module": "logging_system", "function": "_log_with_context", "line": 117}
{"timestamp": "2025-08-02T12:00:32.954664+00:00", "level": "INFO", "logger": "trading.performance_monitor", "message": "Trade result recorded: PnL=50.0, Win=True", "module": "logging_system", "function": "_log_with_context", "line": 117}
{"timestamp": "2025-08-02T12:00:32.994554+00:00", "level": "INFO", "logger": "trading.alert_system", "message": "ALERT: Test Alert - Test message", "module": "logging_system", "function": "_log_with_context", "line": 117}
{"timestamp": "2025-08-02T12:00:32.994554+00:00", "level": "INFO", "logger": "trading.alert_system", "message": "Manual alert created: manual_1754136032", "module": "logging_system", "function": "_log_with_context", "line": 117}
{"timestamp": "2025-08-02T12:00:32.994554+00:00", "level": "INFO", "logger": "trading.alert_system", "message": "Alert acknowledged: manual_1754136032", "module": "logging_system", "function": "_log_with_context", "line": 117}
{"timestamp": "2025-08-02T12:00:32.996594+00:00", "level": "INFO", "logger": "trading.alert_system", "message": "Added alert rule: custom_rule", "module": "logging_system", "function": "_log_with_context", "line": 117}
{"timestamp": "2025-08-02T12:00:33.009697+00:00", "level": "ERROR", "logger": "trading.alert_system", "message": "ALERT: Alert: High Error Rate - High error rate detected: 15.00%", "module": "logging_system", "function": "_log_with_context", "line": 117}
{"timestamp": "2025-08-02T12:00:33.009697+00:00", "level": "CRITICAL", "logger": "trading.alert_system", "message": "ALERT: Alert: High Drawdown - Critical drawdown reached: 20.00%", "module": "logging_system", "function": "_log_with_context", "line": 117}
{"timestamp": "2025-08-02T12:00:33.009697+00:00", "level": "WARNING", "logger": "trading.alert_system", "message": "ALERT: Alert: Slow Api Response - Slow API responses: 15.00s average", "module": "logging_system", "function": "_log_with_context", "line": 117}
{"timestamp": "2025-08-02T12:00:33.012722+00:00", "level": "WARNING", "logger": "trading.alert_system", "message": "ALERT: Manual Test Alert - This is a manual test alert", "module": "logging_system", "function": "_log_with_context", "line": 117}
{"timestamp": "2025-08-02T12:00:33.014243+00:00", "level": "INFO", "logger": "trading.alert_system", "message": "Manual alert created: manual_1754136033", "module": "logging_system", "function": "_log_with_context", "line": 117}
{"timestamp": "2025-08-02T12:00:33.016570+00:00", "level": "INFO", "logger": "trading.alert_system", "message": "ALERT: Alert 1 - Message 1", "module": "logging_system", "function": "_log_with_context", "line": 117}
{"timestamp": "2025-08-02T12:00:33.016570+00:00", "level": "INFO", "logger": "trading.alert_system", "message": "Manual alert created: manual_1754136033", "module": "logging_system", "function": "_log_with_context", "line": 117}
{"timestamp": "2025-08-02T12:00:33.016570+00:00", "level": "WARNING", "logger": "trading.alert_system", "message": "ALERT: Alert 2 - Message 2", "module": "logging_system", "function": "_log_with_context", "line": 117}
{"timestamp": "2025-08-02T12:00:33.016570+00:00", "level": "INFO", "logger": "trading.alert_system", "message": "Manual alert created: manual_1754136033", "module": "logging_system", "function": "_log_with_context", "line": 117}
{"timestamp": "2025-08-02T12:00:33.030661+00:00", "level": "INFO", "logger": "trading.alert_system", "message": "ALERT: Alert 1 - Message 1", "module": "logging_system", "function": "_log_with_context", "line": 117}
{"timestamp": "2025-08-02T12:00:33.030661+00:00", "level": "INFO", "logger": "trading.alert_system", "message": "Manual alert created: manual_1754136033", "module": "logging_system", "function": "_log_with_context", "line": 117}
{"timestamp": "2025-08-02T12:00:33.030661+00:00", "level": "ERROR", "logger": "trading.alert_system", "message": "ALERT: Alert 2 - Message 2", "module": "logging_system", "function": "_log_with_context", "line": 117}
{"timestamp": "2025-08-02T12:00:33.030661+00:00", "level": "INFO", "logger": "trading.alert_system", "message": "Manual alert created: manual_1754136033", "module": "logging_system", "function": "_log_with_context", "line": 117}
{"timestamp": "2025-08-02T12:00:33.045292+00:00", "level": "INFO", "logger": "trading.alert_system", "message": "ALERT: Info Alert - Info message", "module": "logging_system", "function": "_log_with_context", "line": 117}
{"timestamp": "2025-08-02T12:00:33.045292+00:00", "level": "INFO", "logger": "trading.alert_system", "message": "Manual alert created: manual_1754136033", "module": "logging_system", "function": "_log_with_context", "line": 117}
{"timestamp": "2025-08-02T12:00:33.045292+00:00", "level": "ERROR", "logger": "trading.alert_system", "message": "ALERT: Error Alert - Error message", "module": "logging_system", "function": "_log_with_context", "line": 117}
{"timestamp": "2025-08-02T12:00:33.045292+00:00", "level": "INFO", "logger": "trading.alert_system", "message": "Manual alert created: manual_1754136033", "module": "logging_system", "function": "_log_with_context", "line": 117}
{"timestamp": "2025-08-02T12:25:41.839366+00:00", "level": "INFO", "logger": "trading.performance_monitor", "message": "Trade result recorded: PnL=100.0, Win=True", "module": "logging_system", "function": "_log_with_context", "line": 117}
{"timestamp": "2025-08-02T12:25:42.016525+00:00", "level": "INFO", "logger": "trading.performance_monitor", "message": "Trade result recorded: PnL=100.0, Win=True", "module": "logging_system", "function": "_log_with_context", "line": 117}
{"timestamp": "2025-08-02T12:25:42.016525+00:00", "level": "INFO", "logger": "trading.performance_monitor", "message": "Trade result recorded: PnL=50.0, Win=True", "module": "logging_system", "function": "_log_with_context", "line": 117}
{"timestamp": "2025-08-02T12:25:42.016525+00:00", "level": "INFO", "logger": "trading.performance_monitor", "message": "Trade result recorded: PnL=-30.0, Win=False", "module": "logging_system", "function": "_log_with_context", "line": 117}
{"timestamp": "2025-08-02T12:25:42.016525+00:00", "level": "INFO", "logger": "trading.performance_monitor", "message": "Trade result recorded: PnL=-20.0, Win=False", "module": "logging_system", "function": "_log_with_context", "line": 117}
{"timestamp": "2025-08-02T12:25:42.024884+00:00", "level": "INFO", "logger": "trading.performance_monitor", "message": "Trade result recorded: PnL=-25.0, Win=False", "module": "logging_system", "function": "_log_with_context", "line": 117}
{"timestamp": "2025-08-02T12:25:42.024884+00:00", "level": "INFO", "logger": "trading.performance_monitor", "message": "Trade result recorded: PnL=50.0, Win=True", "module": "logging_system", "function": "_log_with_context", "line": 117}
{"timestamp": "2025-08-02T12:25:42.035010+00:00", "level": "INFO", "logger": "trading.alert_system", "message": "ALERT: Test Alert - Test message", "module": "logging_system", "function": "_log_with_context", "line": 117}
{"timestamp": "2025-08-02T12:25:42.035010+00:00", "level": "INFO", "logger": "trading.alert_system", "message": "Manual alert created: manual_1754137542", "module": "logging_system", "function": "_log_with_context", "line": 117}
{"timestamp": "2025-08-02T12:25:42.035010+00:00", "level": "INFO", "logger": "trading.alert_system", "message": "Alert acknowledged: manual_1754137542", "module": "logging_system", "function": "_log_with_context", "line": 117}
{"timestamp": "2025-08-02T12:25:42.035010+00:00", "level": "INFO", "logger": "trading.alert_system", "message": "Added alert rule: custom_rule", "module": "logging_system", "function": "_log_with_context", "line": 117}
{"timestamp": "2025-08-02T12:25:42.046556+00:00", "level": "ERROR", "logger": "trading.alert_system", "message": "ALERT: Alert: High Error Rate - High error rate detected: 15.00%", "module": "logging_system", "function": "_log_with_context", "line": 117}
{"timestamp": "2025-08-02T12:25:42.050086+00:00", "level": "CRITICAL", "logger": "trading.alert_system", "message": "ALERT: Alert: High Drawdown - Critical drawdown reached: 20.00%", "module": "logging_system", "function": "_log_with_context", "line": 117}
{"timestamp": "2025-08-02T12:25:42.050086+00:00", "level": "WARNING", "logger": "trading.alert_system", "message": "ALERT: Alert: Slow Api Response - Slow API responses: 15.00s average", "module": "logging_system", "function": "_log_with_context", "line": 117}
{"timestamp": "2025-08-02T12:25:42.050086+00:00", "level": "WARNING", "logger": "trading.alert_system", "message": "ALERT: Manual Test Alert - This is a manual test alert", "module": "logging_system", "function": "_log_with_context", "line": 117}
{"timestamp": "2025-08-02T12:25:42.050086+00:00", "level": "INFO", "logger": "trading.alert_system", "message": "Manual alert created: manual_1754137542", "module": "logging_system", "function": "_log_with_context", "line": 117}
{"timestamp": "2025-08-02T12:25:42.054716+00:00", "level": "INFO", "logger": "trading.alert_system", "message": "ALERT: Alert 1 - Message 1", "module": "logging_system", "function": "_log_with_context", "line": 117}
{"timestamp": "2025-08-02T12:25:42.054716+00:00", "level": "INFO", "logger": "trading.alert_system", "message": "Manual alert created: manual_1754137542", "module": "logging_system", "function": "_log_with_context", "line": 117}
{"timestamp": "2025-08-02T12:25:42.054716+00:00", "level": "WARNING", "logger": "trading.alert_system", "message": "ALERT: Alert 2 - Message 2", "module": "logging_system", "function": "_log_with_context", "line": 117}
{"timestamp": "2025-08-02T12:25:42.054716+00:00", "level": "INFO", "logger": "trading.alert_system", "message": "Manual alert created: manual_1754137542", "module": "logging_system", "function": "_log_with_context", "line": 117}
{"timestamp": "2025-08-02T12:25:42.064811+00:00", "level": "INFO", "logger": "trading.alert_system", "message": "ALERT: Alert 1 - Message 1", "module": "logging_system", "function": "_log_with_context", "line": 117}
{"timestamp": "2025-08-02T12:25:42.064811+00:00", "level": "INFO", "logger": "trading.alert_system", "message": "Manual alert created: manual_1754137542", "module": "logging_system", "function": "_log_with_context", "line": 117}
{"timestamp": "2025-08-02T12:25:42.064811+00:00", "level": "ERROR", "logger": "trading.alert_system", "message": "ALERT: Alert 2 - Message 2", "module": "logging_system", "function": "_log_with_context", "line": 117}
{"timestamp": "2025-08-02T12:25:42.064811+00:00", "level": "INFO", "logger": "trading.alert_system", "message": "Manual alert created: manual_1754137542", "module": "logging_system", "function": "_log_with_context", "line": 117}
{"timestamp": "2025-08-02T12:25:42.083605+00:00", "level": "INFO", "logger": "trading.alert_system", "message": "ALERT: Info Alert - Info message", "module": "logging_system", "function": "_log_with_context", "line": 117}
{"timestamp": "2025-08-02T12:25:42.083605+00:00", "level": "INFO", "logger": "trading.alert_system", "message": "Manual alert created: manual_1754137542", "module": "logging_system", "function": "_log_with_context", "line": 117}
{"timestamp": "2025-08-02T12:25:42.083605+00:00", "level": "ERROR", "logger": "trading.alert_system", "message": "ALERT: Error Alert - Error message", "module": "logging_system", "function": "_log_with_context", "line": 117}
{"timestamp": "2025-08-02T12:25:42.083605+00:00", "level": "INFO", "logger": "trading.alert_system", "message": "Manual alert created: manual_1754137542", "module": "logging_system", "function": "_log_with_context", "line": 117}
{"timestamp": "2025-08-02T12:27:30.409397+00:00", "level": "INFO", "logger": "trading.alert_system", "message": "ALERT: Info Alert - Info message", "module": "logging_system", "function": "_log_with_context", "line": 117}
{"timestamp": "2025-08-02T12:27:30.409397+00:00", "level": "INFO", "logger": "trading.alert_system", "message": "Manual alert created: manual_1754137650", "module": "logging_system", "function": "_log_with_context", "line": 117}
{"timestamp": "2025-08-02T12:27:30.413774+00:00", "level": "ERROR", "logger": "trading.alert_system", "message": "ALERT: Error Alert - Error message", "module": "logging_system", "function": "_log_with_context", "line": 117}
{"timestamp": "2025-08-02T12:27:30.413774+00:00", "level": "INFO", "logger": "trading.alert_system", "message": "Manual alert created: manual_1754137650", "module": "logging_system", "function": "_log_with_context", "line": 117}
{"timestamp": "2025-08-02T12:32:03.887063+00:00", "level": "INFO", "logger": "trading.performance_monitor", "message": "Trade result recorded: PnL=100.0, Win=True", "module": "logging_system", "function": "_log_with_context", "line": 117}
{"timestamp": "2025-08-02T12:32:03.887063+00:00", "level": "INFO", "logger": "trading.alert_system", "message": "ALERT: Test Alert - This is a test alert", "module": "logging_system", "function": "_log_with_context", "line": 117}
{"timestamp": "2025-08-02T12:32:03.887063+00:00", "level": "INFO", "logger": "trading.alert_system", "message": "Manual alert created: manual_1754137923", "module": "logging_system", "function": "_log_with_context", "line": 117}
{"timestamp": "2025-08-02T12:35:07.975205+00:00", "level": "INFO", "logger": "trading.performance_monitor", "message": "Trade result recorded: PnL=22.443683118129734, Win=True", "module": "logging_system", "function": "_log_with_context", "line": 117}
{"timestamp": "2025-08-02T12:35:08.084085+00:00", "level": "INFO", "logger": "trading.performance_monitor", "message": "Trade result recorded: PnL=21.152143701810168, Win=True", "module": "logging_system", "function": "_log_with_context", "line": 117}
{"timestamp": "2025-08-02T12:35:08.188912+00:00", "level": "INFO", "logger": "trading.performance_monitor", "message": "Trade result recorded: PnL=12.587941929085474, Win=True", "module": "logging_system", "function": "_log_with_context", "line": 117}
{"timestamp": "2025-08-02T12:35:08.290104+00:00", "level": "INFO", "logger": "trading.performance_monitor", "message": "Trade result recorded: PnL=14.657349935210968, Win=True", "module": "logging_system", "function": "_log_with_context", "line": 117}
{"timestamp": "2025-08-02T12:35:08.393854+00:00", "level": "INFO", "logger": "trading.performance_monitor", "message": "Trade result recorded: PnL=16.893957537418295, Win=True", "module": "logging_system", "function": "_log_with_context", "line": 117}
{"timestamp": "2025-08-02T12:35:08.496208+00:00", "level": "INFO", "logger": "trading.performance_monitor", "message": "Trade result recorded: PnL=-22.508599891184097, Win=False", "module": "logging_system", "function": "_log_with_context", "line": 117}
{"timestamp": "2025-08-02T12:35:08.597322+00:00", "level": "INFO", "logger": "trading.performance_monitor", "message": "Trade result recorded: PnL=-16.484985588540187, Win=False", "module": "logging_system", "function": "_log_with_context", "line": 117}
{"timestamp": "2025-08-02T12:35:08.701426+00:00", "level": "INFO", "logger": "trading.alert_system", "message": "Manual alert created: manual_1754138108", "module": "logging_system", "function": "_log_with_context", "line": 117}
{"timestamp": "2025-08-02T12:35:08.705337+00:00", "level": "ERROR", "logger": "trading.alert_system", "message": "ALERT: Alert: High Error Rate - High error rate detected: 58.82%", "module": "logging_system", "function": "_log_with_context", "line": 117}
{"timestamp": "2025-08-02T12:37:54.577312+00:00", "level": "INFO", "logger": "trading.performance_monitor", "message": "Trade result recorded: PnL=100.0, Win=True", "module": "logging_system", "function": "_log_with_context", "line": 117}
{"timestamp": "2025-08-02T12:37:54.577312+00:00", "level": "INFO", "logger": "trading.performance_monitor", "message": "Trade result recorded: PnL=-50.0, Win=False", "module": "logging_system", "function": "_log_with_context", "line": 117}
{"timestamp": "2025-08-02T12:37:54.585420+00:00", "level": "INFO", "logger": "trading.alert_system", "message": "ALERT: Test Alert - Test message", "module": "logging_system", "function": "_log_with_context", "line": 117}
{"timestamp": "2025-08-02T12:37:54.585420+00:00", "level": "INFO", "logger": "trading.alert_system", "message": "Manual alert created: manual_1754138274", "module": "logging_system", "function": "_log_with_context", "line": 117}
{"timestamp": "2025-08-02T12:37:54.585420+00:00", "level": "INFO", "logger": "trading.alert_system", "message": "Alert acknowledged: manual_1754138274", "module": "logging_system", "function": "_log_with_context", "line": 117}
{"timestamp": "2025-08-02T12:37:54.585420+00:00", "level": "INFO", "logger": "trading.alert_system", "message": "Alert resolved: manual_1754138274", "module": "logging_system", "function": "_log_with_context", "line": 117}
{"timestamp": "2025-08-03T08:31:32.115788+00:00", "level": "INFO", "logger": "trading.test", "message": "Test log message", "module": "logging_system", "function": "_log_with_context", "line": 117}
{"timestamp": "2025-08-03T08:35:57.592143+00:00", "level": "INFO", "logger": "trading.test", "message": "Test log message", "module": "logging_system", "function": "_log_with_context", "line": 117}
{"timestamp": "2025-08-03T08:44:16.570494+00:00", "level": "INFO", "logger": "trading.test", "message": "Test log message", "module": "logging_system", "function": "_log_with_context", "line": 117}
{"timestamp": "2025-08-03T08:51:03.721842+00:00", "level": "INFO", "logger": "trading.test", "message": "Test log message", "module": "logging_system", "function": "_log_with_context", "line": 117}
{"timestamp": "2025-08-03T08:53:24.432044+00:00", "level": "INFO", "logger": "trading.test", "message": "Test log message", "module": "logging_system", "function": "_log_with_context", "line": 117}
