2025-08-24 17:39:37,059 - rl.system - INFO - System event: {"event_type": "attribution_analysis", "message": "Attribution analysis loaded from C:\\Users\\macki\\AppData\\Local\\Temp\\tmp7c8uqxvr\\attribution_analysis_20250824_173937.json", "details": {}, "timestamp": "2025-08-24T17:39:37.059690"}
2025-08-24 17:40:03,958 - rl.system - INFO - System event: {"event_type": "attribution_analysis", "message": "Attribution analysis loaded from C:\\Users\\macki\\AppData\\Local\\Temp\\tmpww5vyv5a\\attribution_analysis_20250824_174003.json", "details": {}, "timestamp": "2025-08-24T17:40:03.958790"}
2025-08-24 18:12:00,127 - rl.system - INFO - System event: {"event_type": "trade_attribution", "message": "Trade attribution analysis completed for trade demo_agent_20250816_151200_0198", "details": {"regime": "ranging", "pnl": 0.8705906431263741}, "timestamp": "2025-08-24T18:12:00.127438"}
2025-08-24 18:12:00,131 - rl.system - INFO - System event: {"event_type": "trade_attribution", "message": "Trade attribution analysis completed for trade demo_agent_20250817_111200_7481", "details": {"regime": "ranging", "pnl": 7.450055776295207}, "timestamp": "2025-08-24T18:12:00.131572"}
2025-08-24 18:12:00,133 - rl.system - INFO - System event: {"event_type": "trade_attribution", "message": "Trade attribution analysis completed for trade demo_agent_20250818_071200_7316", "details": {"regime": "ranging", "pnl": 1.9007902233106846}, "timestamp": "2025-08-24T18:12:00.133660"}
2025-08-24 18:12:00,135 - rl.system - INFO - System event: {"event_type": "trade_attribution", "message": "Trade attribution analysis completed for trade demo_agent_20250819_031200_7490", "details": {"regime": "low_volatility", "pnl": -7.8291839851259075}, "timestamp": "2025-08-24T18:12:00.135673"}
2025-08-24 18:12:00,138 - rl.system - INFO - System event: {"event_type": "trade_attribution", "message": "Trade attribution analysis completed for trade demo_agent_20250819_231200_0883", "details": {"regime": "low_volatility", "pnl": -0.3802647098543042}, "timestamp": "2025-08-24T18:12:00.138696"}
2025-08-24 18:12:00,145 - rl.system - INFO - System event: {"event_type": "trade_attribution", "message": "Trade attribution analysis completed for trade demo_strategy_20250816_151200_1525", "details": {"regime": "ranging", "pnl": 0.2075181402961287}, "timestamp": "2025-08-24T18:12:00.145737"}
2025-08-24 18:12:00,147 - rl.system - INFO - System event: {"event_type": "trade_attribution", "message": "Trade attribution analysis completed for trade demo_strategy_20250817_111200_1098", "details": {"regime": "ranging", "pnl": -3.79882839432301}, "timestamp": "2025-08-24T18:12:00.147711"}
2025-08-24 18:12:00,149 - rl.system - INFO - System event: {"event_type": "trade_attribution", "message": "Trade attribution analysis completed for trade demo_strategy_20250818_071200_0356", "details": {"regime": "ranging", "pnl": -2.0450608201656384}, "timestamp": "2025-08-24T18:12:00.149726"}
2025-08-24 18:12:00,150 - rl.system - INFO - System event: {"event_type": "trade_attribution", "message": "Trade attribution analysis completed for trade demo_strategy_20250819_031200_2746", "details": {"regime": "low_volatility", "pnl": 1.1656560317078437}, "timestamp": "2025-08-24T18:12:00.150725"}
2025-08-24 18:12:00,152 - rl.system - INFO - System event: {"event_type": "trade_attribution", "message": "Trade attribution analysis completed for trade demo_strategy_20250819_231200_8089", "details": {"regime": "low_volatility", "pnl": 0.5693056541420248}, "timestamp": "2025-08-24T18:12:00.152544"}
2025-08-24 18:12:00,156 - rl.system - INFO - System event: {"event_type": "trade_attribution", "message": "Trade attribution analysis completed for trade demo_strategy_20250820_191200_2260", "details": {"regime": "low_volatility", "pnl": -0.9823227181017893}, "timestamp": "2025-08-24T18:12:00.156506"}
2025-08-24 18:12:00,159 - rl.system - INFO - System event: {"event_type": "trade_attribution", "message": "Trade attribution analysis completed for trade demo_strategy_20250821_151200_1436", "details": {"regime": "low_volatility", "pnl": -0.463687324436355}, "timestamp": "2025-08-24T18:12:00.159432"}
2025-08-24 18:12:00,162 - rl.system - INFO - System event: {"event_type": "trade_attribution", "message": "Trade attribution analysis completed for trade demo_strategy_20250822_111200_6314", "details": {"regime": "low_volatility", "pnl": -1.7882924024638351}, "timestamp": "2025-08-24T18:12:00.162826"}
2025-08-24 18:12:00,165 - rl.system - INFO - System event: {"event_type": "trade_attribution", "message": "Trade attribution analysis completed for trade demo_strategy_20250823_071200_4709", "details": {"regime": "low_volatility", "pnl": 3.244981044639732}, "timestamp": "2025-08-24T18:12:00.165170"}
2025-08-24 18:12:00,168 - rl.system - INFO - System event: {"event_type": "trade_attribution", "message": "Trade attribution analysis completed for trade demo_strategy_20250824_031200_6752", "details": {"regime": "low_volatility", "pnl": -2.7761557504764194}, "timestamp": "2025-08-24T18:12:00.168128"}
2025-08-24 18:12:00,170 - rl.system - INFO - System event: {"event_type": "strategy_decomposition", "message": "Strategy decomposition completed for demo_strategy", "details": {"total_return": -48.33776997157459, "num_trades": 10}, "timestamp": "2025-08-24T18:12:00.170133"}
2025-08-24 18:12:00,173 - rl.system - INFO - System event: {"event_type": "trade_attribution", "message": "Trade attribution analysis completed for trade summary_agent_20250820_191200_7434", "details": {"regime": "ranging", "pnl": -1.0002492901036564}, "timestamp": "2025-08-24T18:12:00.173264"}
2025-08-24 18:12:00,173 - rl.system - INFO - System event: {"event_type": "trade_attribution", "message": "Trade attribution analysis completed for trade summary_agent_20250821_151200_6765", "details": {"regime": "ranging", "pnl": 1.5548654261497514}, "timestamp": "2025-08-24T18:12:00.173264"}
2025-08-24 18:12:00,177 - rl.system - INFO - System event: {"event_type": "trade_attribution", "message": "Trade attribution analysis completed for trade summary_agent_20250822_111200_4521", "details": {"regime": "ranging", "pnl": 1.0827798070090502}, "timestamp": "2025-08-24T18:12:00.177183"}
2025-08-24 18:12:00,179 - rl.system - INFO - System event: {"event_type": "trade_attribution", "message": "Trade attribution analysis completed for trade summary_agent_20250823_071200_1750", "details": {"regime": "low_volatility", "pnl": 0.15399643671553698}, "timestamp": "2025-08-24T18:12:00.178199"}
2025-08-24 18:12:00,180 - rl.system - INFO - System event: {"event_type": "trade_attribution", "message": "Trade attribution analysis completed for trade summary_agent_20250824_031200_0838", "details": {"regime": "low_volatility", "pnl": -16.573952733344154}, "timestamp": "2025-08-24T18:12:00.180192"}
2025-08-24 18:12:00,186 - rl.system - INFO - System event: {"event_type": "trade_attribution", "message": "Trade attribution analysis completed for trade save_load_agent_20250822_211200_7159", "details": {"regime": "low_volatility", "pnl": -1.0103630177666745}, "timestamp": "2025-08-24T18:12:00.186387"}
2025-08-24 18:12:00,188 - rl.system - INFO - System event: {"event_type": "trade_attribution", "message": "Trade attribution analysis completed for trade save_load_agent_20250823_171200_5721", "details": {"regime": "low_volatility", "pnl": 1.3928672717412853}, "timestamp": "2025-08-24T18:12:00.188970"}
2025-08-24 18:12:00,190 - rl.system - INFO - System event: {"event_type": "attribution_analysis", "message": "Attribution analysis saved to attribution_analysis\\demo_attribution_analysis.json", "details": {}, "timestamp": "2025-08-24T18:12:00.190984"}
2025-08-24 18:12:00,201 - rl.system - INFO - System event: {"event_type": "attribution_analysis", "message": "Attribution analysis loaded from attribution_analysis\\demo_attribution_analysis.json", "details": {}, "timestamp": "2025-08-24T18:12:00.201044"}
